1. Написать скрипт, который удаляет из текстового файла пустые строки и заменяет маленькие символы на большие. Воспользуйтесь tr или SED.

alexx@alexx-VirtualBox:~/lesson6$ echo "Some tect    jahs;f sakfjhklh     "  > text.txt

alexx@alexx-VirtualBox:~/lesson6$ cat > task1.sh
#!/bin/bash
tr -s "\n" < text.txt | tr "[a-z]" "[A-Z]" > text_modified.txt

alexx@alexx-VirtualBox:~/lesson6$ chmod +x task1.sh 

alexx@alexx-VirtualBox:~/lesson6$ ./task1.sh 

alexx@alexx-VirtualBox:~/lesson6$ cat text_modified.txt 
SOME TECT    JAHS;F SAKFJHKLH     

  # adding some more empty strings
  
alexx@alexx-VirtualBox:~/lesson6$ cat text_modified.txt
SOME TECT    JAHS;F SAKFJHKLH     
\N\NSOME MORE GODDAMN TEXT!


2. Создать однострочный скрипт, который создаст директории для нескольких годов (2010–2017), в них — поддиректории для месяцев (от 01 до 12), 
и в каждый из них запишет несколько файлов с произвольными записями. Например, 001.txt, содержащий текст «Файл
001», 002.txt с текстом «Файл 002» и т. д.

nano task2.sh
  
  #!/bin/bash

  for i in {2010..2017}
  do 
    mkdir $i
    for j in  {01..12}
    do 
      mkdir $i/$j
      echo $j+$i > $i/$j/text.txt
    done
  done


3. Использовать команду AWK на вывод длинного списка каталога, чтобы отобразить только
права доступа к файлам. Затем отправить в конвейере этот вывод на sort и uniq, чтобы
отфильтровать все повторяющиеся строки.

ls -l | awk '{print $1}' | sort | uniq



4. Используя grep, проанализировать файл /var/log/syslog, отобрав события на своё усмотрение.
cat /var/log/syslog | grep ERROR


5. Создать разовое задание на перезагрузку операционной системы, используя at.

alexx@alexx-VirtualBox:~/lesson6$ at -f task2.sh 12:00am 12/06/2020
warning: commands will be executed using /bin/sh
job 1 at Sun Dec  6 00:00:00 2020



